app/components/credit/CreditLimitModal.tsx(10,3): error TS6133: 'InlineStack' is declared but its value is never read.
app/components/credit/CreditLimitModal.tsx(11,3): error TS6133: 'Button' is declared but its value is never read.
app/routes/app.collections.$id.tsx(8,3): error TS6133: 'Card' is declared but its value is never read.
app/routes/app.collections.$id.tsx(20,3): error TS6133: 'Spinner' is declared but its value is never read.
app/routes/app.collections.$id.tsx(24,3): error TS6133: 'ActionList' is declared but its value is never read.
app/routes/app.collections.$id.tsx(25,3): error TS6133: 'Popover' is declared but its value is never read.
app/routes/app.collections.$id.tsx(27,33): error TS6133: 'useRef' is declared but its value is never read.
app/routes/app.collections.$id.tsx(46,55): error TS2339: Property 'id' does not exist on type 'string'.
app/routes/app.collections.$id.tsx(72,22): error TS2339: Property 'id' does not exist on type 'string'.
app/routes/app.collections.$id.tsx(93,22): error TS2339: Property 'id' does not exist on type 'string'.
app/routes/app.collections.$id.tsx(116,22): error TS2339: Property 'id' does not exist on type 'string'.
app/routes/app.collections.$id.tsx(130,64): error TS2339: Property 'id' does not exist on type 'string'.
app/routes/app.collections.$id.tsx(168,9): error TS6133: 'navigate' is declared but its value is never read.
app/routes/app.collections.$id.tsx(260,19): error TS2322: Type 'Dispatch<SetStateAction<"OVERDUE" | "BEFORE_DUE" | "ON_DUE">>' is not assignable to type '(selected: string, id: string) => void'.
  Types of parameters 'value' and 'selected' are incompatible.
    Type 'string' is not assignable to type 'SetStateAction<"OVERDUE" | "BEFORE_DUE" | "ON_DUE">'.
app/routes/app.collections.$id.tsx(313,38): error TS2322: Type '"none" | "300"' is not assignable to type 'Spacing | undefined'.
  Type '"none"' is not assignable to type 'Spacing | undefined'.
app/routes/app.collections.$id.tsx(351,34): error TS2322: Type '"none" | "200"' is not assignable to type 'Spacing | undefined'.
  Type '"none"' is not assignable to type 'Spacing | undefined'.
app/routes/app.collections.$id.tsx(426,16): error TS2322: Type 'number' is not assignable to type 'string'.
app/routes/app.collections.$id.tsx(436,20): error TS2322: Type '{ children: Element[]; spacing: string; }' is not assignable to type 'IntrinsicAttributes & ButtonGroupProps'.
  Property 'spacing' does not exist on type 'IntrinsicAttributes & ButtonGroupProps'.
app/routes/app.collections.$id.tsx(483,24): error TS2322: Type '"surface-subdued"' is not assignable to type 'ColorBackgroundAlias | undefined'.
app/routes/app.collections.$id.tsx(497,13): error TS2322: Type 'Dispatch<SetStateAction<"EMAIL" | "SMS" | "WHATSAPP">>' is not assignable to type '(selected: string, id: string) => void'.
  Types of parameters 'value' and 'selected' are incompatible.
    Type 'string' is not assignable to type 'SetStateAction<"EMAIL" | "SMS" | "WHATSAPP">'.
app/routes/app.collections.tsx(20,3): error TS6133: 'useBreakpoints' is declared but its value is never read.
app/routes/app.collections.tsx(35,1): error TS6133: 'COLLECTION' is declared but its value is never read.
app/routes/app.collections.tsx(38,11): error TS6133: 'admin' is declared but its value is never read.
app/routes/app.collections.tsx(44,43): error TS2339: Property 'id' does not exist on type 'string'.
app/routes/app.collections.tsx(46,30): error TS2339: Property 'id' does not exist on type 'string'.
app/routes/app.collections.tsx(65,22): error TS2339: Property 'id' does not exist on type 'string'.
app/routes/app.collections.tsx(78,60): error TS2339: Property 'id' does not exist on type 'string'.
app/routes/app.collections.tsx(90,22): error TS2339: Property 'id' does not exist on type 'string'.
app/routes/app.collections.tsx(120,24): error TS6133: 'total' is declared but its value is never read.
app/routes/app.collections.tsx(123,10): error TS6133: 'searchParams' is declared but its value is never read.
app/routes/app.collections.tsx(260,38): error TS2322: Type '{ children: (false | Element)[]; spacing: string; }' is not assignable to type 'IntrinsicAttributes & ButtonGroupProps'.
  Property 'spacing' does not exist on type 'IntrinsicAttributes & ButtonGroupProps'.
app/routes/app.customers.$id.tsx(334,27): error TS2322: Type '{ children: Element; secondary: true; }' is not assignable to type 'IntrinsicAttributes & SectionProps'.
  Property 'secondary' does not exist on type 'IntrinsicAttributes & SectionProps'.
app/routes/app.customers.$id.tsx(536,9): error TS2322: Type 'JsonifyObject<CustomerRecord>' is not assignable to type 'CustomerRecord'.
  Types of property 'lastPaymentDate' are incompatible.
    Type 'string | null' is not assignable to type 'Date | null'.
      Type 'string' is not assignable to type 'Date'.
app/routes/app.customers.new.tsx(229,16): error TS2322: Type '{ label: string; value: string; onChange: (value: string, _id: string) => void; placeholder: string; }' is not assignable to type 'IntrinsicAttributes & TextFieldProps'.
  Property 'autoComplete' is missing in type '{ label: string; value: string; onChange: (value: string, _id: string) => void; placeholder: string; }' but required in type 'NonMutuallyExclusiveProps'.
app/routes/app.customers.tsx(167,51): error TS2322: Type '{ children: string; onClick: () => void; plain: true; }' is not assignable to type 'IntrinsicAttributes & ButtonProps'.
  Property 'plain' does not exist on type 'IntrinsicAttributes & ButtonProps'.
app/routes/app.customers.tsx(305,48): error TS2322: Type 'number' is not assignable to type 'string'.
app/routes/app.emails.$id.tsx(163,46): error TS2339: Property 'generatedEmail' does not exist on type 'JsonifyObject<{ success: boolean; error?: string | undefined; }> | JsonifyObject<{ success: boolean; generatedEmail: GeneratedEmail; }>'.
  Property 'generatedEmail' does not exist on type 'JsonifyObject<{ success: boolean; error?: string | undefined; }>'.
app/routes/app.emails.$id.tsx(164,38): error TS2339: Property 'generatedEmail' does not exist on type 'JsonifyObject<{ success: boolean; error?: string | undefined; }> | JsonifyObject<{ success: boolean; generatedEmail: GeneratedEmail; }>'.
  Property 'generatedEmail' does not exist on type 'JsonifyObject<{ success: boolean; error?: string | undefined; }>'.
app/routes/app.emails.$id.tsx(166,54): error TS2339: Property 'generatedEmail' does not exist on type 'JsonifyObject<{ success: boolean; error?: string | undefined; }> | JsonifyObject<{ success: boolean; generatedEmail: GeneratedEmail; }>'.
  Property 'generatedEmail' does not exist on type 'JsonifyObject<{ success: boolean; error?: string | undefined; }>'.
app/routes/app.emails.$id.tsx(222,17): error TS2322: Type '{ children: string; primary: true; loading: boolean; onClick: () => void; }' is not assignable to type 'IntrinsicAttributes & ButtonProps'.
  Property 'primary' does not exist on type 'IntrinsicAttributes & ButtonProps'.
app/routes/app.emails.$id.tsx(240,25): error TS2339: Property 'error' does not exist on type 'JsonifyObject<{ success: boolean; error?: string | undefined; }> | JsonifyObject<{ success: boolean; generatedEmail: GeneratedEmail; }>'.
  Property 'error' does not exist on type 'JsonifyObject<{ success: boolean; generatedEmail: GeneratedEmail; }>'.
app/routes/app.emails.$id.tsx(251,16): error TS2322: Type '{ children: string[]; tone: "attention"; }' is not assignable to type 'IntrinsicAttributes & BadgeProps'.
  Types of property 'children' are incompatible.
    Type 'string[]' is not assignable to type 'string'.
app/routes/app.emails.$id.tsx(402,19): error TS2322: Type '{ children: string; primary: true; loading: boolean; disabled: boolean; onClick: () => void; }' is not assignable to type 'IntrinsicAttributes & ButtonProps'.
  Property 'primary' does not exist on type 'IntrinsicAttributes & ButtonProps'.
app/routes/app.emails.$id.tsx(460,27): error TS2322: Type '{ children: string; destructive: true; onClick: () => void; }' is not assignable to type 'IntrinsicAttributes & ButtonProps'.
  Property 'destructive' does not exist on type 'IntrinsicAttributes & ButtonProps'.
app/routes/app.emails.tsx(4,16): error TS6133: 'redirect' is declared but its value is never read.
app/routes/app.emails.tsx(30,11): error TS6133: 'admin' is declared but its value is never read.
app/routes/app.emails.tsx(115,24): error TS6133: 'pageSize' is declared but its value is never read.
app/routes/app.emails.tsx(196,17): error TS2322: Type '{ children: string; primary: true; onClick: () => void; }' is not assignable to type 'IntrinsicAttributes & ButtonProps'.
  Property 'primary' does not exist on type 'IntrinsicAttributes & ButtonProps'.
app/routes/app.emails.tsx(211,25): error TS2339: Property 'error' does not exist on type 'JsonifyObject<{ success: boolean; }>'.
app/routes/app.emails.tsx(221,19): error TS2322: Type '{ children: string; primary: true; onClick: () => void; }' is not assignable to type 'IntrinsicAttributes & ButtonProps'.
  Property 'primary' does not exist on type 'IntrinsicAttributes & ButtonProps'.
app/routes/app.emails.tsx(303,9): error TS6133: 'formRef' is declared but its value is never read.
app/routes/app.invoices.$id.tsx(219,7): error TS2322: Type '{ children: Element; title: string; breadcrumbs: { content: string; url: string; }[]; }' is not assignable to type 'IntrinsicAttributes & PageProps'.
  Property 'breadcrumbs' does not exist on type 'IntrinsicAttributes & PageProps'.
app/routes/app.invoices.$id.tsx(415,27): error TS2322: Type '{ children: Element; secondary: true; }' is not assignable to type 'IntrinsicAttributes & SectionProps'.
  Property 'secondary' does not exist on type 'IntrinsicAttributes & SectionProps'.
app/routes/app.invoices.tsx(39,9): error TS6133: 'agingBucket' is declared but its value is never read.
app/routes/app.invoices.tsx(123,23): error TS2322: Type '"critical" | "attention" | undefined' is not assignable to type 'Tone | undefined'.
  Type '"attention"' is not assignable to type 'Tone | undefined'.
app/routes/app.replies.tsx(20,3): error TS6133: 'TextField' is declared but its value is never read.
app/routes/app.replies.tsx(22,3): error TS6133: 'Spinner' is declared but its value is never read.
app/routes/app.replies.tsx(68,11): error TS6133: 'admin' is declared but its value is never read.
app/routes/app.replies.tsx(75,41): error TS2339: Property 'id' does not exist on type 'string'.
app/routes/app.replies.tsx(77,30): error TS2339: Property 'id' does not exist on type 'string'.
app/routes/app.replies.tsx(93,71): error TS2339: Property 'id' does not exist on type 'string'.
app/routes/app.replies.tsx(105,9): error TS6133: 'navigate' is declared but its value is never read.
app/routes/app.replies.tsx(243,38): error TS2322: Type '{ children: Element[]; spacing: string; }' is not assignable to type 'IntrinsicAttributes & ButtonGroupProps'.
  Property 'spacing' does not exist on type 'IntrinsicAttributes & ButtonGroupProps'.
app/routes/app.replies.tsx(281,11): error TS2322: Type 'JsonifyObject<{ task: { invoice: { currency: string; customerId: string; invoiceNumber: string; amount: Decimal; dueDate: Date; }; } & { id: string; status: TaskStatus; customerId: string; ... 8 more ...; completedReason: string | null; }; } & { ...; }>' is not assignable to type '{ id: string; taskId: string; emailSubject: string | null; emailBody: string | null; replyIntent: ReplyIntent | null; replyConfidence: number | null; aiAnalysis: Record<string, unknown> | null; createdAt: string; task: { ...; } | null; }'.
  Types of property 'aiAnalysis' are incompatible.
    Type 'string | number | boolean | JsonifyObject<JsonObject> | (string | number | boolean | JsonifyObject<JsonObject> | (string | ... 4 more ... | null)[] | null)[] | null' is not assignable to type 'Record<string, unknown> | null'.
      Type 'string' is not assignable to type 'Record<string, unknown>'.
app/routes/app.replies.tsx(322,9): error TS2353: Object literal may only specify known properties, and 'tone' does not exist in type 'ComplexAction'.
app/routes/app.replies.tsx(352,32): error TS2322: Type '"surface-subdued"' is not assignable to type 'ColorBackgroundAlias | undefined'.
app/routes/app.replies.tsx(378,11): error TS2322: Type 'unknown' is not assignable to type 'ReactNode'.
app/routes/app.replies.tsx(385,11): error TS2322: Type 'unknown' is not assignable to type 'ReactNode'.
app/routes/app.replies.tsx(392,11): error TS2322: Type 'unknown' is not assignable to type 'ReactNode'.
app/routes/app.replies.tsx(395,34): error TS2322: Type '"surface-subdued"' is not assignable to type 'ColorBackgroundAlias | undefined'.
