app/routes/app.collections.tsx(34,1): error TS6133: 'COLLECTION' is declared but its value is never read.
app/routes/app.collections.tsx(133,24): error TS6133: 'total' is declared but its value is never read.
app/routes/app.collections.tsx(136,10): error TS6133: 'searchParams' is declared but its value is never read.
app/routes/app.collections.tsx(273,38): error TS2322: Type '{ children: (false | Element)[]; spacing: string; }' is not assignable to type 'IntrinsicAttributes & ButtonGroupProps'.
  Property 'spacing' does not exist on type 'IntrinsicAttributes & ButtonGroupProps'.
app/routes/app.customers.$id.tsx(334,27): error TS2322: Type '{ children: Element; secondary: true; }' is not assignable to type 'IntrinsicAttributes & SectionProps'.
  Property 'secondary' does not exist on type 'IntrinsicAttributes & SectionProps'.
app/routes/app.customers.$id.tsx(536,9): error TS2322: Type 'JsonifyObject<CustomerRecord>' is not assignable to type 'CustomerRecord'.
  Types of property 'lastPaymentDate' are incompatible.
    Type 'string | null' is not assignable to type 'Date | null'.
      Type 'string' is not assignable to type 'Date'.
app/routes/app.customers.tsx(167,51): error TS2322: Type '{ children: string; onClick: () => void; plain: true; }' is not assignable to type 'IntrinsicAttributes & ButtonProps'.
  Property 'plain' does not exist on type 'IntrinsicAttributes & ButtonProps'.
app/routes/app.customers.tsx(305,48): error TS2322: Type 'number' is not assignable to type 'string'.
app/routes/app.emails.$id.tsx(163,46): error TS2339: Property 'generatedEmail' does not exist on type 'JsonifyObject<{ success: boolean; error?: string | undefined; }> | JsonifyObject<{ success: boolean; generatedEmail: GeneratedEmail; }>'.
  Property 'generatedEmail' does not exist on type 'JsonifyObject<{ success: boolean; error?: string | undefined; }>'.
app/routes/app.emails.$id.tsx(164,38): error TS2339: Property 'generatedEmail' does not exist on type 'JsonifyObject<{ success: boolean; error?: string | undefined; }> | JsonifyObject<{ success: boolean; generatedEmail: GeneratedEmail; }>'.
  Property 'generatedEmail' does not exist on type 'JsonifyObject<{ success: boolean; error?: string | undefined; }>'.
app/routes/app.emails.$id.tsx(166,54): error TS2339: Property 'generatedEmail' does not exist on type 'JsonifyObject<{ success: boolean; error?: string | undefined; }> | JsonifyObject<{ success: boolean; generatedEmail: GeneratedEmail; }>'.
  Property 'generatedEmail' does not exist on type 'JsonifyObject<{ success: boolean; error?: string | undefined; }>'.
app/routes/app.emails.$id.tsx(222,17): error TS2322: Type '{ children: string; primary: true; loading: boolean; onClick: () => void; }' is not assignable to type 'IntrinsicAttributes & ButtonProps'.
  Property 'primary' does not exist on type 'IntrinsicAttributes & ButtonProps'.
app/routes/app.emails.$id.tsx(240,25): error TS2339: Property 'error' does not exist on type 'JsonifyObject<{ success: boolean; error?: string | undefined; }> | JsonifyObject<{ success: boolean; generatedEmail: GeneratedEmail; }>'.
  Property 'error' does not exist on type 'JsonifyObject<{ success: boolean; generatedEmail: GeneratedEmail; }>'.
app/routes/app.emails.$id.tsx(251,16): error TS2322: Type '{ children: string[]; tone: "attention"; }' is not assignable to type 'IntrinsicAttributes & BadgeProps'.
  Types of property 'children' are incompatible.
    Type 'string[]' is not assignable to type 'string'.
app/routes/app.emails.$id.tsx(402,19): error TS2322: Type '{ children: string; primary: true; loading: boolean; disabled: boolean; onClick: () => void; }' is not assignable to type 'IntrinsicAttributes & ButtonProps'.
  Property 'primary' does not exist on type 'IntrinsicAttributes & ButtonProps'.
app/routes/app.emails.$id.tsx(460,27): error TS2322: Type '{ children: string; destructive: true; onClick: () => void; }' is not assignable to type 'IntrinsicAttributes & ButtonProps'.
  Property 'destructive' does not exist on type 'IntrinsicAttributes & ButtonProps'.
app/routes/app.emails.tsx(4,16): error TS6133: 'redirect' is declared but its value is never read.
app/routes/app.emails.tsx(30,11): error TS6133: 'admin' is declared but its value is never read.
app/routes/app.emails.tsx(115,24): error TS6133: 'pageSize' is declared but its value is never read.
app/routes/app.emails.tsx(196,17): error TS2322: Type '{ children: string; primary: true; onClick: () => void; }' is not assignable to type 'IntrinsicAttributes & ButtonProps'.
  Property 'primary' does not exist on type 'IntrinsicAttributes & ButtonProps'.
app/routes/app.emails.tsx(211,25): error TS2339: Property 'error' does not exist on type 'JsonifyObject<{ success: boolean; }>'.
app/routes/app.emails.tsx(221,19): error TS2322: Type '{ children: string; primary: true; onClick: () => void; }' is not assignable to type 'IntrinsicAttributes & ButtonProps'.
  Property 'primary' does not exist on type 'IntrinsicAttributes & ButtonProps'.
app/routes/app.emails.tsx(303,9): error TS6133: 'formRef' is declared but its value is never read.
app/routes/app.invoices.$id.tsx(219,7): error TS2322: Type '{ children: Element; title: string; breadcrumbs: { content: string; url: string; }[]; }' is not assignable to type 'IntrinsicAttributes & PageProps'.
  Property 'breadcrumbs' does not exist on type 'IntrinsicAttributes & PageProps'.
app/routes/app.replies.tsx(292,11): error TS2322: Type 'JsonifyObject<{ task: { invoice: { currency: string; customerId: string; invoiceNumber: string; amount: Decimal; dueDate: Date; }; } & { id: string; status: TaskStatus; customerId: string; ... 8 more ...; completedReason: string | null; }; } & { ...; }>' is not assignable to type '{ id: string; taskId: string; emailSubject: string | null; emailBody: string | null; replyIntent: ReplyIntent | null; replyConfidence: number | null; aiAnalysis: Record<string, unknown> | null; createdAt: string; task: { ...; } | null; }'.
  Types of property 'aiAnalysis' are incompatible.
    Type 'string | number | boolean | JsonifyObject<JsonObject> | (string | number | boolean | JsonifyObject<JsonObject> | (string | ... 4 more ... | null)[] | null)[] | null' is not assignable to type 'Record<string, unknown> | null'.
      Type 'string' is not assignable to type 'Record<string, unknown>'.
app/routes/app.replies.tsx(336,7): error TS2322: Type '{ children: Element; open: true; onClose: () => void; title: string; primaryAction: { content: string; onAction: () => void; }; secondaryActions: { content: string; onAction: () => void; }[]; large: true; }' is not assignable to type 'IntrinsicAttributes & ModalProps'.
  Property 'large' does not exist on type 'IntrinsicAttributes & ModalProps'.
